<?xml version="1.0" encoding="utf-8"?>
<TestRun id="0b5cb209-f7c4-4f8d-bd65-2844850684a8" name="Bola_Gerges@BOLA 2026-09-27 20:54:18" runUser="Bola\Bola_Gerges" xmlns="http://microsoft.com/schemas/VisualStudio/TeamTest/2010">
  <Times creation="2026-09-27T20:54:18.0578826+03:00" queuing="2026-09-27T20:54:18.0578832+03:00" start="2026-09-27T20:54:00.4648039+03:00" finish="2026-09-27T20:55:09.1522839+03:00" />
  <TestSettings name="default" id="7f861fb7-6fe3-4ba1-8417-8a4e766c357b">
    <Deployment runDeploymentRoot="Bola_Gerges_BOLA_2026-09-27_20_54_18" />
  </TestSettings>
  <Results>
    <UnitTestResult executionId="68ed5fc2-31e3-447a-aca2-bbd3e4294dfe" testId="21dab3ed-ae48-0fae-bbdb-09a816a292b9" testName="Lensee.PostgresIntegrationTests.PaymentIntegrityPostgresTests.OpeningCorrection_BelowCollectedAmount_PreservesCollectionAndCreatesMerchantCredit" computerName="BOLA" duration="00:00:00.1181599" startTime="2026-09-27T20:54:53.2332323+03:00" endTime="2026-09-27T20:54:53.2332328+03:00" testType="13cdc9d9-ddb5-4fa4-a97d-d965ccfc6d4b" outcome="Passed" testListId="8c84fa94-04c1-424b-9868-57a2d4851a1d" relativeResultsDirectory="68ed5fc2-31e3-447a-aca2-bbd3e4294dfe" />
    <UnitTestResult executionId="24c31c99-9378-46f0-b475-db548303b8d4" testId="f894d4a8-a31b-1cbd-f425-0f925df4c514" testName="Lensee.PostgresIntegrationTests.PaymentIntegrityPostgresTests.OpeningCorrection_IncreasedAmount_PreservesPartialSettlement" computerName="BOLA" duration="00:00:00.1295324" startTime="2026-09-27T20:54:27.4606740+03:00" endTime="2026-09-27T20:54:27.4606744+03:00" testType="13cdc9d9-ddb5-4fa4-a97d-d965ccfc6d4b" outcome="Passed" testListId="8c84fa94-04c1-424b-9868-57a2d4851a1d" relativeResultsDirectory="24c31c99-9378-46f0-b475-db548303b8d4" />
    <UnitTestResult executionId="6220b2eb-baed-4d1f-9be1-276bec1bc412" testId="35524f11-5320-1187-41a9-ef86f91ef5f7" testName="Lensee.PostgresIntegrationTests.PaymentIntegrityPostgresTests.OpeningCorrection_PartialSettlement_PreservesImmutableHistory" computerName="BOLA" duration="00:00:00.1300823" startTime="2026-09-27T20:54:44.9899698+03:00" endTime="2026-09-27T20:54:44.9899704+03:00" testType="13cdc9d9-ddb5-4fa4-a97d-d965ccfc6d4b" outcome="Passed" testListId="8c84fa94-04c1-424b-9868-57a2d4851a1d" relativeResultsDirectory="6220b2eb-baed-4d1f-9be1-276bec1bc412" />
    <UnitTestResult executionId="ea0e1c6d-efcc-4797-997e-16de5e2ba4d2" testId="543b291b-ce83-cc97-3b50-6355e075419d" testName="Lensee.PostgresIntegrationTests.PaymentIntegrityPostgresTests.OpeningCorrection_FullSettlement_PreservesImmutableHistory" computerName="BOLA" duration="00:00:01.5269037" startTime="2026-09-27T20:54:18.0084408+03:00" endTime="2026-09-27T20:54:18.0084642+03:00" testType="13cdc9d9-ddb5-4fa4-a97d-d965ccfc6d4b" outcome="Passed" testListId="8c84fa94-04c1-424b-9868-57a2d4851a1d" relativeResultsDirectory="ea0e1c6d-efcc-4797-997e-16de5e2ba4d2" />
    <UnitTestResult executionId="85896c9c-0c1a-4f80-a6c3-928e088adce0" testId="4c324aa0-bf0b-c938-aba3-c68ca99cd3ea" testName="Lensee.PostgresIntegrationTests.PaymentIntegrityPostgresTests.OpeningCorrection_SameIdempotencyKey_CorrectsOnce" computerName="BOLA" duration="00:00:07.8879811" startTime="2026-09-27T20:55:08.9975573+03:00" endTime="2026-09-27T20:55:08.9975577+03:00" testType="13cdc9d9-ddb5-4fa4-a97d-d965ccfc6d4b" outcome="Passed" testListId="8c84fa94-04c1-424b-9868-57a2d4851a1d" relativeResultsDirectory="85896c9c-0c1a-4f80-a6c3-928e088adce0" />
    <UnitTestResult executionId="81bbb10c-6e08-4d0b-b4b4-4537dadf4349" testId="732c0c61-4061-643b-1411-eaee558068a8" testName="Lensee.PostgresIntegrationTests.PaymentIntegrityPostgresTests.OpeningCorrection_ConcurrentSettlement_PreservesCollectionAndReconciles" computerName="BOLA" duration="00:00:00.1527003" startTime="2026-09-27T20:54:36.8818969+03:00" endTime="2026-09-27T20:54:36.8818975+03:00" testType="13cdc9d9-ddb5-4fa4-a97d-d965ccfc6d4b" outcome="Passed" testListId="8c84fa94-04c1-424b-9868-57a2d4851a1d" relativeResultsDirectory="81bbb10c-6e08-4d0b-b4b4-4537dadf4349" />
  </Results>
  <TestDefinitions>
    <UnitTest name="Lensee.PostgresIntegrationTests.PaymentIntegrityPostgresTests.OpeningCorrection_SameIdempotencyKey_CorrectsOnce" storage="d:\lenseeproduction\backend\lensee.postgresintegrationtests\bin\debug\net8.0\lensee.postgresintegrationtests.dll" id="4c324aa0-bf0b-c938-aba3-c68ca99cd3ea">
      <Execution id="85896c9c-0c1a-4f80-a6c3-928e088adce0" />
      <TestMethod codeBase="D:\LenseeProduction\backend\Lensee.PostgresIntegrationTests\bin\Debug\net8.0\Lensee.PostgresIntegrationTests.dll" adapterTypeName="executor://xunit/VsTestRunner2/netcoreapp" className="Lensee.PostgresIntegrationTests.PaymentIntegrityPostgresTests" name="OpeningCorrection_SameIdempotencyKey_CorrectsOnce" />
    </UnitTest>
    <UnitTest name="Lensee.PostgresIntegrationTests.PaymentIntegrityPostgresTests.OpeningCorrection_PartialSettlement_PreservesImmutableHistory" storage="d:\lenseeproduction\backend\lensee.postgresintegrationtests\bin\debug\net8.0\lensee.postgresintegrationtests.dll" id="35524f11-5320-1187-41a9-ef86f91ef5f7">
      <Execution id="6220b2eb-baed-4d1f-9be1-276bec1bc412" />
      <TestMethod codeBase="D:\LenseeProduction\backend\Lensee.PostgresIntegrationTests\bin\Debug\net8.0\Lensee.PostgresIntegrationTests.dll" adapterTypeName="executor://xunit/VsTestRunner2/netcoreapp" className="Lensee.PostgresIntegrationTests.PaymentIntegrityPostgresTests" name="OpeningCorrection_PartialSettlement_PreservesImmutableHistory" />
    </UnitTest>
    <UnitTest name="Lensee.PostgresIntegrationTests.PaymentIntegrityPostgresTests.OpeningCorrection_FullSettlement_PreservesImmutableHistory" storage="d:\lenseeproduction\backend\lensee.postgresintegrationtests\bin\debug\net8.0\lensee.postgresintegrationtests.dll" id="543b291b-ce83-cc97-3b50-6355e075419d">
      <Execution id="ea0e1c6d-efcc-4797-997e-16de5e2ba4d2" />
      <TestMethod codeBase="D:\LenseeProduction\backend\Lensee.PostgresIntegrationTests\bin\Debug\net8.0\Lensee.PostgresIntegrationTests.dll" adapterTypeName="executor://xunit/VsTestRunner2/netcoreapp" className="Lensee.PostgresIntegrationTests.PaymentIntegrityPostgresTests" name="OpeningCorrection_FullSettlement_PreservesImmutableHistory" />
    </UnitTest>
    <UnitTest name="Lensee.PostgresIntegrationTests.PaymentIntegrityPostgresTests.OpeningCorrection_BelowCollectedAmount_PreservesCollectionAndCreatesMerchantCredit" storage="d:\lenseeproduction\backend\lensee.postgresintegrationtests\bin\debug\net8.0\lensee.postgresintegrationtests.dll" id="21dab3ed-ae48-0fae-bbdb-09a816a292b9">
      <Execution id="68ed5fc2-31e3-447a-aca2-bbd3e4294dfe" />
      <TestMethod codeBase="D:\LenseeProduction\backend\Lensee.PostgresIntegrationTests\bin\Debug\net8.0\Lensee.PostgresIntegrationTests.dll" adapterTypeName="executor://xunit/VsTestRunner2/netcoreapp" className="Lensee.PostgresIntegrationTests.PaymentIntegrityPostgresTests" name="OpeningCorrection_BelowCollectedAmount_PreservesCollectionAndCreatesMerchantCredit" />
    </UnitTest>
    <UnitTest name="Lensee.PostgresIntegrationTests.PaymentIntegrityPostgresTests.OpeningCorrection_IncreasedAmount_PreservesPartialSettlement" storage="d:\lenseeproduction\backend\lensee.postgresintegrationtests\bin\debug\net8.0\lensee.postgresintegrationtests.dll" id="f894d4a8-a31b-1cbd-f425-0f925df4c514">
      <Execution id="24c31c99-9378-46f0-b475-db548303b8d4" />
      <TestMethod codeBase="D:\LenseeProduction\backend\Lensee.PostgresIntegrationTests\bin\Debug\net8.0\Lensee.PostgresIntegrationTests.dll" adapterTypeName="executor://xunit/VsTestRunner2/netcoreapp" className="Lensee.PostgresIntegrationTests.PaymentIntegrityPostgresTests" name="OpeningCorrection_IncreasedAmount_PreservesPartialSettlement" />
    </UnitTest>
    <UnitTest name="Lensee.PostgresIntegrationTests.PaymentIntegrityPostgresTests.OpeningCorrection_ConcurrentSettlement_PreservesCollectionAndReconciles" storage="d:\lenseeproduction\backend\lensee.postgresintegrationtests\bin\debug\net8.0\lensee.postgresintegrationtests.dll" id="732c0c61-4061-643b-1411-eaee558068a8">
      <Execution id="81bbb10c-6e08-4d0b-b4b4-4537dadf4349" />
      <TestMethod codeBase="D:\LenseeProduction\backend\Lensee.PostgresIntegrationTests\bin\Debug\net8.0\Lensee.PostgresIntegrationTests.dll" adapterTypeName="executor://xunit/VsTestRunner2/netcoreapp" className="Lensee.PostgresIntegrationTests.PaymentIntegrityPostgresTests" name="OpeningCorrection_ConcurrentSettlement_PreservesCollectionAndReconciles" />
    </UnitTest>
  </TestDefinitions>
  <TestEntries>
    <TestEntry testId="21dab3ed-ae48-0fae-bbdb-09a816a292b9" executionId="68ed5fc2-31e3-447a-aca2-bbd3e4294dfe" testListId="8c84fa94-04c1-424b-9868-57a2d4851a1d" />
    <TestEntry testId="f894d4a8-a31b-1cbd-f425-0f925df4c514" executionId="24c31c99-9378-46f0-b475-db548303b8d4" testListId="8c84fa94-04c1-424b-9868-57a2d4851a1d" />
    <TestEntry testId="35524f11-5320-1187-41a9-ef86f91ef5f7" executionId="6220b2eb-baed-4d1f-9be1-276bec1bc412" testListId="8c84fa94-04c1-424b-9868-57a2d4851a1d" />
    <TestEntry testId="543b291b-ce83-cc97-3b50-6355e075419d" executionId="ea0e1c6d-efcc-4797-997e-16de5e2ba4d2" testListId="8c84fa94-04c1-424b-9868-57a2d4851a1d" />
    <TestEntry testId="4c324aa0-bf0b-c938-aba3-c68ca99cd3ea" executionId="85896c9c-0c1a-4f80-a6c3-928e088adce0" testListId="8c84fa94-04c1-424b-9868-57a2d4851a1d" />
    <TestEntry testId="732c0c61-4061-643b-1411-eaee558068a8" executionId="81bbb10c-6e08-4d0b-b4b4-4537dadf4349" testListId="8c84fa94-04c1-424b-9868-57a2d4851a1d" />
  </TestEntries>
  <TestLists>
    <TestList name="Results Not in a List" id="8c84fa94-04c1-424b-9868-57a2d4851a1d" />
    <TestList name="All Loaded Results" id="19431567-8539-422a-85d7-44ee4e166bda" />
  </TestLists>
  <ResultSummary outcome="Completed">
    <Counters total="6" executed="6" passed="6" failed="0" error="0" timeout="0" aborted="0" inconclusive="0" passedButRunAborted="0" notRunnable="0" notExecuted="0" disconnected="0" warning="0" completed="0" inProgress="0" pending="0" />
    <Output>
      <StdOut>[xUnit.net 00:00:00.00] xUnit.net VSTest Adapter v2.8.2+699d445a1a (64-bit .NET 8.0.27)&#xD;
[xUnit.net 00:00:00.18]   Discovering: Lensee.PostgresIntegrationTests&#xD;
[xUnit.net 00:00:00.24]   Discovered:  Lensee.PostgresIntegrationTests&#xD;
[xUnit.net 00:00:00.25]   Starting:    Lensee.PostgresIntegrationTests&#xD;
[testcontainers.org 00:00:00.22] Connected to Docker:&#xD;
  Host: npipe://./pipe/docker_engine&#xD;
  Server Version: 29.4.0&#xD;
  Kernel Version: 6.18.33.2-microsoft-standard-WSL2&#xD;
  API Version: 1.54&#xD;
  Operating System: Docker Desktop&#xD;
  Total Memory: 3.83 GB&#xD;
  Labels: &#xD;
    com.docker.desktop.address=npipe://\\.\pipe\docker_cli&#xD;
[testcontainers.org 00:00:00.58] Docker container 45d6e940d8ba created&#xD;
[testcontainers.org 00:00:00.64] Start Docker container 45d6e940d8ba&#xD;
[testcontainers.org 00:00:01.05] Wait for Docker container 45d6e940d8ba to complete readiness checks&#xD;
[testcontainers.org 00:00:02.12] Docker container 45d6e940d8ba ready&#xD;
[testcontainers.org 00:00:02.39] Docker container 5d8e08863873 created&#xD;
[testcontainers.org 00:00:02.41] Start Docker container 5d8e08863873&#xD;
[testcontainers.org 00:00:02.94] Wait for Docker container 5d8e08863873 to complete readiness checks&#xD;
[testcontainers.org 00:00:02.96] Execute "pg_isready --host localhost --dbname lensee --username lensee_user" at Docker container 5d8e08863873&#xD;
[testcontainers.org 00:00:04.13] Execute "pg_isready --host localhost --dbname lensee --username lensee_user" at Docker container 5d8e08863873&#xD;
[testcontainers.org 00:00:05.32] Execute "pg_isready --host localhost --dbname lensee --username lensee_user" at Docker container 5d8e08863873&#xD;
[testcontainers.org 00:00:06.44] Execute "pg_isready --host localhost --dbname lensee --username lensee_user" at Docker container 5d8e08863873&#xD;
[testcontainers.org 00:00:06.58] Docker container 5d8e08863873 ready&#xD;
[testcontainers.org 00:00:15.85] Delete Docker container 5d8e08863873&#xD;
[testcontainers.org 00:00:16.76] Docker container 2d23f41574be created&#xD;
[testcontainers.org 00:00:16.78] Start Docker container 2d23f41574be&#xD;
[testcontainers.org 00:00:17.36] Wait for Docker container 2d23f41574be to complete readiness checks&#xD;
[testcontainers.org 00:00:17.39] Execute "pg_isready --host localhost --dbname lensee --username lensee_user" at Docker container 2d23f41574be&#xD;
[testcontainers.org 00:00:18.53] Execute "pg_isready --host localhost --dbname lensee --username lensee_user" at Docker container 2d23f41574be&#xD;
[testcontainers.org 00:00:19.72] Execute "pg_isready --host localhost --dbname lensee --username lensee_user" at Docker container 2d23f41574be&#xD;
[testcontainers.org 00:00:20.87] Execute "pg_isready --host localhost --dbname lensee --username lensee_user" at Docker container 2d23f41574be&#xD;
[testcontainers.org 00:00:21.99] Execute "pg_isready --host localhost --dbname lensee --username lensee_user" at Docker container 2d23f41574be&#xD;
[testcontainers.org 00:00:22.12] Docker container 2d23f41574be ready&#xD;
[testcontainers.org 00:00:25.35] Delete Docker container 2d23f41574be&#xD;
[testcontainers.org 00:00:26.22] Docker container 89b038028d71 created&#xD;
[testcontainers.org 00:00:26.25] Start Docker container 89b038028d71&#xD;
[testcontainers.org 00:00:26.72] Wait for Docker container 89b038028d71 to complete readiness checks&#xD;
[testcontainers.org 00:00:26.74] Execute "pg_isready --host localhost --dbname lensee --username lensee_user" at Docker container 89b038028d71&#xD;
[testcontainers.org 00:00:27.86] Execute "pg_isready --host localhost --dbname lensee --username lensee_user" at Docker container 89b038028d71&#xD;
[testcontainers.org 00:00:29.11] Execute "pg_isready --host localhost --dbname lensee --username lensee_user" at Docker container 89b038028d71&#xD;
[testcontainers.org 00:00:30.24] Execute "pg_isready --host localhost --dbname lensee --username lensee_user" at Docker container 89b038028d71&#xD;
[testcontainers.org 00:00:31.36] Execute "pg_isready --host localhost --dbname lensee --username lensee_user" at Docker container 89b038028d71&#xD;
[testcontainers.org 00:00:31.49] Docker container 89b038028d71 ready&#xD;
[testcontainers.org 00:00:34.74] Delete Docker container 89b038028d71&#xD;
[testcontainers.org 00:00:35.57] Docker container 594bca6f8ac6 created&#xD;
[testcontainers.org 00:00:35.59] Start Docker container 594bca6f8ac6&#xD;
[testcontainers.org 00:00:36.06] Wait for Docker container 594bca6f8ac6 to complete readiness checks&#xD;
[testcontainers.org 00:00:36.08] Execute "pg_isready --host localhost --dbname lensee --username lensee_user" at Docker container 594bca6f8ac6&#xD;
[testcontainers.org 00:00:37.21] Execute "pg_isready --host localhost --dbname lensee --username lensee_user" at Docker container 594bca6f8ac6&#xD;
[testcontainers.org 00:00:38.32] Execute "pg_isready --host localhost --dbname lensee --username lensee_user" at Docker container 594bca6f8ac6&#xD;
[testcontainers.org 00:00:39.43] Execute "pg_isready --host localhost --dbname lensee --username lensee_user" at Docker container 594bca6f8ac6&#xD;
[testcontainers.org 00:00:39.58] Docker container 594bca6f8ac6 ready&#xD;
[testcontainers.org 00:00:42.90] Delete Docker container 594bca6f8ac6&#xD;
[testcontainers.org 00:00:43.69] Docker container 08dd061355bf created&#xD;
[testcontainers.org 00:00:43.73] Start Docker container 08dd061355bf&#xD;
[testcontainers.org 00:00:44.13] Wait for Docker container 08dd061355bf to complete readiness checks&#xD;
[testcontainers.org 00:00:44.15] Execute "pg_isready --host localhost --dbname lensee --username lensee_user" at Docker container 08dd061355bf&#xD;
[testcontainers.org 00:00:45.27] Execute "pg_isready --host localhost --dbname lensee --username lensee_user" at Docker container 08dd061355bf&#xD;
[testcontainers.org 00:00:46.41] Execute "pg_isready --host localhost --dbname lensee --username lensee_user" at Docker container 08dd061355bf&#xD;
[testcontainers.org 00:00:47.52] Execute "pg_isready --host localhost --dbname lensee --username lensee_user" at Docker container 08dd061355bf&#xD;
[testcontainers.org 00:00:47.71] Docker container 08dd061355bf ready&#xD;
[testcontainers.org 00:00:51.14] Delete Docker container 08dd061355bf&#xD;
[testcontainers.org 00:00:51.96] Docker container 6624ed146f76 created&#xD;
[testcontainers.org 00:00:51.97] Start Docker container 6624ed146f76&#xD;
[testcontainers.org 00:00:52.39] Wait for Docker container 6624ed146f76 to complete readiness checks&#xD;
[testcontainers.org 00:00:52.41] Execute "pg_isready --host localhost --dbname lensee --username lensee_user" at Docker container 6624ed146f76&#xD;
[testcontainers.org 00:00:53.53] Execute "pg_isready --host localhost --dbname lensee --username lensee_user" at Docker container 6624ed146f76&#xD;
[testcontainers.org 00:00:54.65] Execute "pg_isready --host localhost --dbname lensee --username lensee_user" at Docker container 6624ed146f76&#xD;
[testcontainers.org 00:00:55.77] Execute "pg_isready --host localhost --dbname lensee --username lensee_user" at Docker container 6624ed146f76&#xD;
[testcontainers.org 00:00:55.89] Docker container 6624ed146f76 ready&#xD;
info: Microsoft.AspNetCore.DataProtection.KeyManagement.XmlKeyManager[63]&#xD;
      User profile is available. Using 'C:\Users\Bola_Gerges\AppData\Local\ASP.NET\DataProtection-Keys' as key repository and Windows DPAPI to encrypt keys at rest.&#xD;
info: Microsoft.EntityFrameworkCore.Database.Command[20101]&#xD;
      Executed DbCommand (6ms) [Parameters=[@p0='?' (DbType = Guid), @p1='?' (DbType = DateTime2), @p2='?' (DbType = Guid), @p3='?', @p4='?' (DbType = Guid), @p5='?', @p6='?', @p7='?'], CommandType='Text', CommandTimeout='30']&#xD;
      INSERT INTO identity.users (id, created_at, created_by_admin_id, full_name, location_id, password_hash, role, username)&#xD;
      VALUES (@p0, @p1, @p2, @p3, @p4, @p5, @p6, @p7)&#xD;
      RETURNING is_active, is_primary_admin;&#xD;
info: Microsoft.AspNetCore.Hosting.Diagnostics[1]&#xD;
      Request starting HTTP/1.1 POST http://localhost/api/v1/payments/opening-balances/23ac62a1-45d5-434d-baa7-2fe7f83aaf15/correct - application/json;+charset=utf-8 71&#xD;
info: Microsoft.AspNetCore.Hosting.Diagnostics[1]&#xD;
      Request starting HTTP/1.1 POST http://localhost/api/v1/payments/opening-balances/23ac62a1-45d5-434d-baa7-2fe7f83aaf15/correct - application/json;+charset=utf-8 71&#xD;
info: Microsoft.AspNetCore.Routing.EndpointMiddleware[0]&#xD;
      Executing endpoint 'HTTP: POST /api/v1/payments/opening-balances/{id:guid}/correct =&gt; CorrectOpeningBalanceAsync'&#xD;
info: Microsoft.AspNetCore.Routing.EndpointMiddleware[0]&#xD;
      Executing endpoint 'HTTP: POST /api/v1/payments/opening-balances/{id:guid}/correct =&gt; CorrectOpeningBalanceAsync'&#xD;
info: Microsoft.EntityFrameworkCore.Database.Command[20101]&#xD;
      Executed DbCommand (6ms) [Parameters=[@p0='?' (DbType = Guid), @p1='?' (DbType = Guid), @p2='?', @p3='?', @p4='?', @p5='?' (DbType = DateTime), @p6='?' (DbType = DateTime), @p7='?' (DbType = DateTime)], CommandType='Text', CommandTimeout='30']&#xD;
      insert into payments.payment_idempotency_keys&#xD;
    (id, key, scope, request_hash, status, created_at, last_seen_at, expires_at)&#xD;
values (@p0, @p1, @p2, @p3, @p4, @p5, @p6, @p7)&#xD;
on conflict (key, scope) do nothing&#xD;
info: Microsoft.EntityFrameworkCore.Database.Command[20101]&#xD;
      Executed DbCommand (2ms) [Parameters=[p0='?' (DbType = Guid), p1='?'], CommandType='Text', CommandTimeout='30']&#xD;
      SELECT l.id, l.created_at, l.expires_at, l.key, l.last_seen_at, l.request_hash, l.response_body, l.response_status_code, l.scope, l.status&#xD;
      FROM (&#xD;
          select * from payments.payment_idempotency_keys&#xD;
          where key = @p0 and scope = @p1&#xD;
          for update&#xD;
      ) AS l&#xD;
      LIMIT 2&#xD;
info: Microsoft.EntityFrameworkCore.Database.Command[20101]&#xD;
      Executed DbCommand (3ms) [Parameters=[@__id_0='?' (DbType = Guid)], CommandType='Text', CommandTimeout='30']&#xD;
      SELECT m.id, m.amount, m.as_of_date, m.correlation_id, m.created_at, m.created_by, m.description, m.merchant_id, m.posted_entry_id, m.replaced_by_charge_id, m.reverses_charge_id, m.review_reason, m.reviewed_at, m.reviewed_by, m.status&#xD;
      FROM payments.merchant_opening_balance_charges AS m&#xD;
      WHERE m.id = @__id_0&#xD;
      LIMIT 2&#xD;
info: Microsoft.EntityFrameworkCore.Database.Command[20101]&#xD;
      Executed DbCommand (2ms) [Parameters=[@__merchantId_0='?' (DbType = Guid)], CommandType='Text', CommandTimeout='30']&#xD;
      SELECT m."Id", m.merchant_id, m.next_sequence, m.opened_at, m.opened_by, m.status, m.updated_at&#xD;
      FROM payments.merchant_receivable_accounts AS m&#xD;
      WHERE m.merchant_id = @__merchantId_0&#xD;
      LIMIT 1&#xD;
info: Microsoft.EntityFrameworkCore.Database.Command[20101]&#xD;
      Executed DbCommand (2ms) [Parameters=[p0='?' (DbType = Guid)], CommandType='Text', CommandTimeout='30']&#xD;
      SELECT l."Id", l.merchant_id, l.next_sequence, l.opened_at, l.opened_by, l.status, l.updated_at&#xD;
      FROM (&#xD;
          select * from payments.merchant_receivable_accounts where merchant_id = @p0 for update&#xD;
      ) AS l&#xD;
      LIMIT 2&#xD;
info: Microsoft.EntityFrameworkCore.Database.Command[20101]&#xD;
      Executed DbCommand (2ms) [Parameters=[p0='?' (DbType = Guid)], CommandType='Text', CommandTimeout='30']&#xD;
      SELECT l.id, l.amount, l.as_of_date, l.correlation_id, l.created_at, l.created_by, l.description, l.merchant_id, l.posted_entry_id, l.replaced_by_charge_id, l.reverses_charge_id, l.review_reason, l.reviewed_at, l.reviewed_by, l.status&#xD;
      FROM (&#xD;
          select * from payments.merchant_opening_balance_charges where id = @p0 for update&#xD;
      ) AS l&#xD;
      LIMIT 2&#xD;
info: Microsoft.EntityFrameworkCore.Database.Command[20101]&#xD;
      Executed DbCommand (2ms) [Parameters=[p0='?' (DbType = Guid), p1='?'], CommandType='Text', CommandTimeout='30']&#xD;
      select * from payments.merchant_operation_obligations where account_id = @p0 and status = @p1 order by posted_at, "Id" for update&#xD;
info: Microsoft.EntityFrameworkCore.Database.Command[20101]&#xD;
      Executed DbCommand (2ms) [Parameters=[p0='?', p1='?' (DbType = Guid)], CommandType='Text', CommandTimeout='30']&#xD;
      SELECT l."Id", l.account_id, l.operation_id, l.original_amount, l.posted_at, l.source_id, l.source_type, l.status&#xD;
      FROM (&#xD;
          select * from payments.merchant_operation_obligations where source_type = @p0 and source_id = @p1 for update&#xD;
      ) AS l&#xD;
      LIMIT 2&#xD;
info: Microsoft.EntityFrameworkCore.Database.Command[20101]&#xD;
      Executed DbCommand (2ms) [Parameters=[p0='?' (DbType = Guid)], CommandType='Text', CommandTimeout='30']&#xD;
      select allocation.*&#xD;
      from payments.merchant_entry_allocations allocation&#xD;
      where allocation.obligation_id = @p0&#xD;
        and not exists (&#xD;
            select 1 from payments.merchant_allocation_reconciliations reconciliation&#xD;
            where reconciliation.source_allocation_id = allocation."Id")&#xD;
      order by allocation.allocated_at, allocation."Id"&#xD;
      for update&#xD;
info: Microsoft.EntityFrameworkCore.Database.Command[20101]&#xD;
      Executed DbCommand (2ms) [Parameters=[@__sourceType_0='?', @__sourceId_1='?' (DbType = Guid), @__entryType_2='?'], CommandType='Text', CommandTimeout='30']&#xD;
      SELECT m."Id", m.account_id, m.credit_amount, m.debit_amount, m.entry_type, m.notes, m.operation_id, m.payment_id, m.payment_method, m.posted_at, m.posted_by, m.reverses_entry_id, m.sequence, m.source_id, m.source_type, m.status, m.transaction_reference&#xD;
      FROM payments.merchant_account_entries AS m&#xD;
      WHERE m.source_type = @__sourceType_0 AND m.source_id = @__sourceId_1 AND m.entry_type = @__entryType_2&#xD;
      LIMIT 2&#xD;
info: Microsoft.EntityFrameworkCore.Database.Command[20101]&#xD;
      Executed DbCommand (3ms) [Parameters=[@p0='?' (DbType = Guid), @p1='?' (DbType = Guid), @p2='?' (DbType = Decimal), @p3='?' (DbType = Decimal), @p4='?', @p5='?', @p6='?' (DbType = Guid), @p7='?' (DbType = Guid), @p8='?', @p9='?' (DbType = DateTime2), @p10='?' (DbType = Guid), @p11='?' (DbType = Guid), @p12='?' (DbType = Int64), @p13='?' (DbType = Guid), @p14='?', @p15='?', @p16='?', @p20='?' (DbType = Guid), @p17='?' (DbType = Guid), @p18='?' (DbType = DateTime2), @p19='?', @p21='?' (DbType = Guid), @p22='?' (DbType = Decimal), @p23='?' (DbType = Date), @p24='?', @p25='?' (DbType = DateTime2), @p26='?' (DbType = Guid), @p27='?', @p28='?' (DbType = Guid), @p29='?' (DbType = Guid), @p30='?' (DbType = Guid), @p31='?' (DbType = Guid), @p32='?', @p33='?' (DbType = DateTime2), @p34='?' (DbType = Guid), @p35='?', @p37='?' (DbType = Guid), @p36='?', @p40='?' (DbType = Guid), @p38='?' (DbType = Int64), @p39='?' (DbType = DateTime2)], CommandType='Text', CommandTimeout='30']&#xD;
      INSERT INTO payments.merchant_account_entries ("Id", account_id, credit_amount, debit_amount, entry_type, notes, operation_id, payment_id, payment_method, posted_at, posted_by, reverses_entry_id, sequence, source_id, source_type, status, transaction_reference)&#xD;
      VALUES (@p0, @p1, @p2, @p3, @p4, @p5, @p6, @p7, @p8, @p9, @p10, @p11, @p12, @p13, @p14, @p15, @p16);&#xD;
      UPDATE payments.merchant_opening_balance_charges SET replaced_by_charge_id = @p17, reviewed_at = @p18, status = @p19&#xD;
      WHERE id = @p20;&#xD;
      INSERT INTO payments.merchant_opening_balance_charges (id, amount, as_of_date, correlation_id, created_at, created_by, description, merchant_id, posted_entry_id, replaced_by_charge_id, reverses_charge_id, review_reason, reviewed_at, reviewed_by, status)&#xD;
      VALUES (@p21, @p22, @p23, @p24, @p25, @p26, @p27, @p28, @p29, @p30, @p31, @p32, @p33, @p34, @p35);&#xD;
      UPDATE payments.merchant_operation_obligations SET status = @p36&#xD;
      WHERE "Id" = @p37;&#xD;
      UPDATE payments.merchant_receivable_accounts SET next_sequence = @p38, updated_at = @p39&#xD;
      WHERE "Id" = @p40;&#xD;
info: Microsoft.EntityFrameworkCore.Database.Command[20101]&#xD;
      Executed DbCommand (1ms) [Parameters=[@__charge_Id_0='?' (DbType = Guid)], CommandType='Text', CommandTimeout='30']&#xD;
      SELECT m."Id", m.account_id, m.operation_id, m.original_amount, m.posted_at, m.source_id, m.source_type, m.status&#xD;
      FROM payments.merchant_operation_obligations AS m&#xD;
      WHERE m.source_type = 'OpeningBalanceCharge' AND m.source_id = @__charge_Id_0&#xD;
      LIMIT 2&#xD;
info: Microsoft.EntityFrameworkCore.Database.Command[20101]&#xD;
      Executed DbCommand (2ms) [Parameters=[@__charge_Id_0='?' (DbType = Guid)], CommandType='Text', CommandTimeout='30']&#xD;
      SELECT m."Id", m.account_id, m.operation_id, m.original_amount, m.posted_at, m.source_id, m.source_type, m.status&#xD;
      FROM payments.merchant_operation_obligations AS m&#xD;
      WHERE m.source_type = 'OpeningBalanceCharge' AND m.source_id = @__charge_Id_0&#xD;
      LIMIT 2&#xD;
info: Microsoft.EntityFrameworkCore.Database.Command[20101]&#xD;
      Executed DbCommand (1ms) [Parameters=[@__sourceType_0='?', @__sourceId_1='?' (DbType = Guid), @__entryType_2='?'], CommandType='Text', CommandTimeout='30']&#xD;
      SELECT m."Id", m.account_id, m.credit_amount, m.debit_amount, m.entry_type, m.notes, m.operation_id, m.payment_id, m.payment_method, m.posted_at, m.posted_by, m.reverses_entry_id, m.sequence, m.source_id, m.source_type, m.status, m.transaction_reference&#xD;
      FROM payments.merchant_account_entries AS m&#xD;
      WHERE m.source_type = @__sourceType_0 AND m.source_id = @__sourceId_1 AND m.entry_type = @__entryType_2&#xD;
      LIMIT 2&#xD;
info: Microsoft.EntityFrameworkCore.Database.Command[20101]&#xD;
      Executed DbCommand (2ms) [Parameters=[@p0='?' (DbType = Guid), @p1='?' (DbType = Guid), @p2='?' (DbType = Decimal), @p3='?' (DbType = Decimal), @p4='?', @p5='?', @p6='?' (DbType = Guid), @p7='?' (DbType = Guid), @p8='?', @p9='?' (DbType = DateTime2), @p10='?' (DbType = Guid), @p11='?' (DbType = Guid), @p12='?' (DbType = Int64), @p13='?' (DbType = Guid), @p14='?', @p15='?', @p16='?', @p20='?' (DbType = Guid), @p17='?' (DbType = Guid), @p18='?' (DbType = DateTime2), @p19='?' (DbType = Guid), @p21='?' (DbType = Guid), @p22='?' (DbType = Guid), @p23='?' (DbType = Guid), @p24='?' (DbType = Decimal), @p25='?' (DbType = DateTime2), @p26='?' (DbType = Guid), @p27='?', @p28='?', @p30='?' (DbType = Guid), @p29='?' (DbType = Int64)], CommandType='Text', CommandTimeout='30']&#xD;
      INSERT INTO payments.merchant_account_entries ("Id", account_id, credit_amount, debit_amount, entry_type, notes, operation_id, payment_id, payment_method, posted_at, posted_by, reverses_entry_id, sequence, source_id, source_type, status, transaction_reference)&#xD;
      VALUES (@p0, @p1, @p2, @p3, @p4, @p5, @p6, @p7, @p8, @p9, @p10, @p11, @p12, @p13, @p14, @p15, @p16);&#xD;
      UPDATE payments.merchant_opening_balance_charges SET posted_entry_id = @p17, reviewed_at = @p18, reviewed_by = @p19&#xD;
      WHERE id = @p20;&#xD;
      INSERT INTO payments.merchant_operation_obligations ("Id", account_id, operation_id, original_amount, posted_at, source_id, source_type, status)&#xD;
      VALUES (@p21, @p22, @p23, @p24, @p25, @p26, @p27, @p28);&#xD;
      UPDATE payments.merchant_receivable_accounts SET next_sequence = @p29&#xD;
      WHERE "Id" = @p30;&#xD;
info: Microsoft.EntityFrameworkCore.Database.Command[20101]&#xD;
      Executed DbCommand (4ms) [Parameters=[@p0='?' (DbType = Guid), @p1='?' (DbType = DateTime2), @p2='?' (DbType = Guid), @p3='?' (DbType = Decimal), @p4='?' (DbType = Guid), @p5='?' (DbType = Guid), @p6='?' (DbType = Guid), @p7='?' (DbType = Guid), @p8='?', @p9='?' (DbType = DateTime2), @p10='?' (DbType = Guid), @p11='?' (DbType = Guid), @p12='?' (DbType = Guid)], CommandType='Text', CommandTimeout='30']&#xD;
      INSERT INTO payments.merchant_entry_allocations ("Id", allocated_at, allocated_by, amount, entry_id, obligation_id)&#xD;
      VALUES (@p0, @p1, @p2, @p3, @p4, @p5);&#xD;
      INSERT INTO payments.merchant_allocation_reconciliations ("Id", correction_charge_id, correlation_id, created_at, created_by, replacement_allocation_id, source_allocation_id)&#xD;
      VALUES (@p6, @p7, @p8, @p9, @p10, @p11, @p12);&#xD;
info: Microsoft.EntityFrameworkCore.Database.Command[20101]&#xD;
      Executed DbCommand (5ms) [Parameters=[@p3='?' (DbType = Guid), @p0='?' (DbType = Object), @p1='?' (DbType = Int32), @p2='?'], CommandType='Text', CommandTimeout='30']&#xD;
      UPDATE payments.payment_idempotency_keys SET response_body = @p0, response_status_code = @p1, status = @p2&#xD;
      WHERE id = @p3;&#xD;
info: Microsoft.EntityFrameworkCore.Database.Command[20101]&#xD;
      Executed DbCommand (309ms) [Parameters=[@p0='?' (DbType = Guid), @p1='?' (DbType = Guid), @p2='?', @p3='?', @p4='?', @p5='?' (DbType = DateTime), @p6='?' (DbType = DateTime), @p7='?' (DbType = DateTime)], CommandType='Text', CommandTimeout='30']&#xD;
      insert into payments.payment_idempotency_keys&#xD;
    (id, key, scope, request_hash, status, created_at, last_seen_at, expires_at)&#xD;
values (@p0, @p1, @p2, @p3, @p4, @p5, @p6, @p7)&#xD;
on conflict (key, scope) do nothing&#xD;
info: Microsoft.AspNetCore.Http.Result.JsonResult[1]&#xD;
      Setting HTTP status code 200.&#xD;
info: Microsoft.AspNetCore.Http.Result.JsonResult[3]&#xD;
      Writing value of type 'OpeningBalanceResponse' as Json.&#xD;
info: Microsoft.EntityFrameworkCore.Database.Command[20101]&#xD;
      Executed DbCommand (6ms) [Parameters=[p0='?' (DbType = Guid), p1='?'], CommandType='Text', CommandTimeout='30']&#xD;
      SELECT l.id, l.created_at, l.expires_at, l.key, l.last_seen_at, l.request_hash, l.response_body, l.response_status_code, l.scope, l.status&#xD;
      FROM (&#xD;
          select * from payments.payment_idempotency_keys&#xD;
          where key = @p0 and scope = @p1&#xD;
          for update&#xD;
      ) AS l&#xD;
      LIMIT 2&#xD;
info: Microsoft.AspNetCore.Routing.EndpointMiddleware[1]&#xD;
      Executed endpoint 'HTTP: POST /api/v1/payments/opening-balances/{id:guid}/correct =&gt; CorrectOpeningBalanceAsync'&#xD;
info: Microsoft.AspNetCore.Http.Result.JsonResult[1]&#xD;
      Setting HTTP status code 200.&#xD;
info: Microsoft.AspNetCore.Http.Result.JsonResult[3]&#xD;
      Writing value of type 'JsonElement' as Json.&#xD;
info: Microsoft.AspNetCore.Routing.EndpointMiddleware[1]&#xD;
      Executed endpoint 'HTTP: POST /api/v1/payments/opening-balances/{id:guid}/correct =&gt; CorrectOpeningBalanceAsync'&#xD;
info: Microsoft.EntityFrameworkCore.Database.Command[20101]&#xD;
      Executed DbCommand (2ms) [Parameters=[@__userId_0='?' (DbType = Guid)], CommandType='Text', CommandTimeout='30']&#xD;
      SELECT u.full_name AS "FullName", u.role AS "Role"&#xD;
      FROM identity.users AS u&#xD;
      WHERE u.id = @__userId_0&#xD;
      LIMIT 2&#xD;
info: Microsoft.EntityFrameworkCore.Database.Command[20101]&#xD;
      Executed DbCommand (5ms) [Parameters=[@__userId_0='?' (DbType = Guid)], CommandType='Text', CommandTimeout='30']&#xD;
      SELECT u.full_name AS "FullName", u.role AS "Role"&#xD;
      FROM identity.users AS u&#xD;
      WHERE u.id = @__userId_0&#xD;
      LIMIT 2&#xD;
info: Microsoft.EntityFrameworkCore.Database.Command[20101]&#xD;
      Executed DbCommand (4ms) [Parameters=[@p0='?' (DbType = Guid), @p1='?', @p2='?', @p3='?', @p4='?' (DbType = Object), @p5='?' (DbType = DateTime2), @p6='?' (DbType = Guid), @p7='?', @p8='?', @p9='?' (DbType = Int32), @p10='?' (DbType = Guid)], CommandType='Text', CommandTimeout='30']&#xD;
      INSERT INTO identity.audit_logs (id, action, actor_name, actor_type, changed_fields, created_at, entity_id, entity_type, ip_address, stock_delta_applied, user_id)&#xD;
      VALUES (@p0, @p1, @p2, @p3, @p4, @p5, @p6, @p7, @p8, @p9, @p10);&#xD;
info: Microsoft.EntityFrameworkCore.Database.Command[20101]&#xD;
      Executed DbCommand (4ms) [Parameters=[@p0='?' (DbType = Guid), @p1='?', @p2='?', @p3='?', @p4='?' (DbType = Object), @p5='?' (DbType = DateTime2), @p6='?' (DbType = Guid), @p7='?', @p8='?', @p9='?' (DbType = Int32), @p10='?' (DbType = Guid)], CommandType='Text', CommandTimeout='30']&#xD;
      INSERT INTO identity.audit_logs (id, action, actor_name, actor_type, changed_fields, created_at, entity_id, entity_type, ip_address, stock_delta_applied, user_id)&#xD;
      VALUES (@p0, @p1, @p2, @p3, @p4, @p5, @p6, @p7, @p8, @p9, @p10);&#xD;
info: Microsoft.AspNetCore.Hosting.Diagnostics[2]&#xD;
      Request finished HTTP/1.1 POST http://localhost/api/v1/payments/opening-balances/23ac62a1-45d5-434d-baa7-2fe7f83aaf15/correct - 200 - application/json;+charset=utf-8 1390.5843ms&#xD;
info: Microsoft.AspNetCore.Hosting.Diagnostics[2]&#xD;
      Request finished HTTP/1.1 POST http://localhost/api/v1/payments/opening-balances/23ac62a1-45d5-434d-baa7-2fe7f83aaf15/correct - 200 - application/json;+charset=utf-8 1390.6078ms&#xD;
[testcontainers.org 00:01:06.90] Delete Docker container 6624ed146f76&#xD;
[xUnit.net 00:01:07.87]   Finished:    Lensee.PostgresIntegrationTests&#xD;
</StdOut>
    </Output>
  </ResultSummary>
</TestRun>